
> booking@0.1.0 dev
> next dev --webpack

▲ Next.js 16.2.1 (webpack)
- Local:         http://localhost:3000
- Network:       http://192.168.9.35:3000
- Environments: .env.local
✓ Ready in 693ms

○ Compiling / ...
 GET / 200 in 7.3s (next.js: 5.9s, application-code: 1456ms)
 GET / 200 in 2.4s (next.js: 1695ms, application-code: 685ms)
 GET / 200 in 49ms (next.js: 6ms, application-code: 43ms)
 GET /api/cities 200 in 3.3s (next.js: 1982ms, application-code: 1367ms)
 GET /api/offers 200 in 3.3s (next.js: 1903ms, application-code: 1375ms)
 GET /api/popular-routes 200 in 3.3s (next.js: 1912ms, application-code: 1379ms)
 GET /api/trips 200 in 1297ms (next.js: 508ms, application-code: 790ms)
 GET /auth/register 200 in 3.6s (next.js: 2.4s, proxy.ts: 268ms, application-code: 957ms)
 GET / 200 in 400ms (next.js: 61ms, application-code: 339ms)
Registering user: {
  email: 'qa.user.1774987875004@example.com',
  full_name: 'QA User',
  phone: '9000001111'
}
 GET /api/offers 200 in 982ms (next.js: 27ms, application-code: 955ms)
 GET /api/cities 200 in 1022ms (next.js: 27ms, application-code: 995ms)
User created in Auth successfully: 29764b4b-9c9a-42e5-af2f-1a49c14f31ae
Registration successful for: qa.user.1774987875004@example.com
 POST /api/auth/register 200 in 3.7s (next.js: 1845ms, application-code: 1849ms)
 GET /api/popular-routes 200 in 1091ms (next.js: 42ms, application-code: 1049ms)
 GET / 200 in 94ms (next.js: 48ms, application-code: 46ms)
 GET /search?from=Kolkata&to=Siliguri&date=2026-04-01&passengers=1 200 in 1957ms (next.js: 1158ms, application-code: 798ms)
 GET / 200 in 226ms (next.js: 3ms, application-code: 222ms)
 GET /api/trips?from=Kolkata&to=Siliguri&date=2026-04-01 200 in 874ms (next.js: 90ms, application-code: 784ms)
 GET /api/popular-routes 200 in 2.2s (next.js: 1844ms, application-code: 391ms)
 GET /api/offers 200 in 2.3s (next.js: 1839ms, application-code: 492ms)
 GET /api/cities 200 in 2.4s (next.js: 1912ms, application-code: 484ms)
 GET /book/65568ba6-47e7-42a9-9e65-27f07ed92834?passengers=1 200 in 3.5s (next.js: 3.5s, application-code: 54ms)
 GET /api/trips/65568ba6-47e7-42a9-9e65-27f07ed92834/seats 200 in 2.3s (next.js: 1990ms, application-code: 293ms)
 GET /api/trips/65568ba6-47e7-42a9-9e65-27f07ed92834 200 in 2.6s (next.js: 1997ms, application-code: 581ms)
 GET /checkout/65568ba6-47e7-42a9-9e65-27f07ed92834 200 in 2.7s (next.js: 2.7s, application-code: 49ms)
 GET /api/trips/65568ba6-47e7-42a9-9e65-27f07ed92834 200 in 561ms (next.js: 13ms, application-code: 548ms)
 POST /api/trips/65568ba6-47e7-42a9-9e65-27f07ed92834/locks 200 in 4.2s (next.js: 2.9s, application-code: 1304ms)
 GET / 200 in 100ms (next.js: 22ms, application-code: 78ms)
 GET /checkout/65568ba6-47e7-42a9-9e65-27f07ed92834 200 in 52ms (next.js: 11ms, application-code: 42ms)
 POST /api/trips/65568ba6-47e7-42a9-9e65-27f07ed92834/locks 200 in 1275ms (next.js: 17ms, application-code: 1257ms)
 POST /api/checkout/session 200 in 2.9s (next.js: 885ms, application-code: 1985ms)
 GET /api/trips 200 in 909ms (next.js: 31ms, application-code: 878ms)
 GET /auth/register 200 in 1155ms (next.js: 144ms, proxy.ts: 38ms, application-code: 973ms)
 GET / 200 in 363ms (next.js: 31ms, application-code: 331ms)
Registering user: {
  email: 'qa.user.1774987950113@example.com',
  full_name: 'QA User',
  phone: '9000001111'
}
User created in Auth successfully: fb3cd3e6-07c3-4a01-a995-55b48babb0f0
Registration successful for: qa.user.1774987950113@example.com
 POST /api/auth/register 200 in 615ms (next.js: 11ms, application-code: 604ms)
 GET / 200 in 60ms (next.js: 7ms, application-code: 53ms)
 GET /api/cities 200 in 333ms (next.js: 15ms, application-code: 318ms)
 GET /api/cities 200 in 451ms (next.js: 3ms, application-code: 449ms)
 GET /api/offers 200 in 471ms (next.js: 1823µs, application-code: 469ms)
 GET /api/offers 200 in 519ms (next.js: 14ms, application-code: 506ms)
 GET /api/popular-routes 200 in 490ms (next.js: 1886µs, application-code: 489ms)
 GET /api/popular-routes 200 in 553ms (next.js: 10ms, application-code: 543ms)
 GET /search?from=Kolkata&to=Siliguri&date=2026-04-01&passengers=1 200 in 476ms (next.js: 253ms, application-code: 222ms)
 GET /api/trips?from=Kolkata&to=Siliguri&date=2026-04-01 200 in 509ms (next.js: 8ms, application-code: 501ms)
 GET /book/65568ba6-47e7-42a9-9e65-27f07ed92834?passengers=1 200 in 127ms (next.js: 70ms, application-code: 57ms)
 GET /api/trips/65568ba6-47e7-42a9-9e65-27f07ed92834/seats 200 in 438ms (next.js: 22ms, application-code: 415ms)
 GET /api/trips/65568ba6-47e7-42a9-9e65-27f07ed92834 200 in 709ms (next.js: 23ms, application-code: 686ms)
 GET /checkout/65568ba6-47e7-42a9-9e65-27f07ed92834 200 in 193ms (next.js: 112ms, application-code: 81ms)
 POST /api/trips/65568ba6-47e7-42a9-9e65-27f07ed92834/locks 200 in 1327ms (next.js: 107ms, application-code: 1220ms)
 GET /api/trips/65568ba6-47e7-42a9-9e65-27f07ed92834 200 in 563ms (next.js: 15ms, application-code: 548ms)
 GET / 200 in 39ms (next.js: 4ms, application-code: 35ms)
 GET /checkout/65568ba6-47e7-42a9-9e65-27f07ed92834 200 in 55ms (next.js: 14ms, application-code: 41ms)
 POST /api/trips/65568ba6-47e7-42a9-9e65-27f07ed92834/locks 200 in 990ms (next.js: 11ms, application-code: 979ms)
 POST /api/checkout/session 200 in 1121ms (next.js: 4ms, application-code: 1117ms)
 GET /api/trips 200 in 455ms (next.js: 7ms, application-code: 448ms)
 GET /auth/register 200 in 196ms (next.js: 5ms, proxy.ts: 20ms, application-code: 170ms)
 GET / 200 in 363ms (next.js: 6ms, application-code: 357ms)
Registering user: {
  email: 'qa.user.1774987991991@example.com',
  full_name: 'QA User',
  phone: '9000001111'
}
User created in Auth successfully: 338cdb41-3d5b-47bb-9deb-9992b626ab6a
Registration successful for: qa.user.1774987991991@example.com
 POST /api/auth/register 200 in 491ms (next.js: 9ms, application-code: 483ms)
 GET /api/cities 200 in 234ms (next.js: 4ms, application-code: 230ms)
 GET /api/offers 200 in 369ms (next.js: 3ms, application-code: 366ms)
 GET /api/popular-routes 200 in 390ms (next.js: 3ms, application-code: 386ms)
 GET / 200 in 39ms (next.js: 5ms, application-code: 34ms)
 GET /api/cities 200 in 257ms (next.js: 3ms, application-code: 254ms)
 GET /api/popular-routes 200 in 317ms (next.js: 4ms, application-code: 313ms)
 GET /api/offers 200 in 355ms (next.js: 4ms, application-code: 351ms)
 GET /search?from=Kolkata&to=Siliguri&date=2026-04-01&passengers=1 200 in 184ms (next.js: 4ms, application-code: 180ms)
 GET /api/trips?from=Kolkata&to=Siliguri&date=2026-04-01 200 in 515ms (next.js: 3ms, application-code: 512ms)
 GET /book/65568ba6-47e7-42a9-9e65-27f07ed92834?passengers=1 200 in 123ms (next.js: 62ms, application-code: 61ms)
 GET /api/trips/65568ba6-47e7-42a9-9e65-27f07ed92834/seats 200 in 436ms (next.js: 13ms, application-code: 424ms)
 GET /api/trips/65568ba6-47e7-42a9-9e65-27f07ed92834 200 in 746ms (next.js: 15ms, application-code: 731ms)
 GET /checkout/65568ba6-47e7-42a9-9e65-27f07ed92834 200 in 69ms (next.js: 18ms, application-code: 51ms)
 GET /api/trips/65568ba6-47e7-42a9-9e65-27f07ed92834 200 in 679ms (next.js: 33ms, application-code: 646ms)
 POST /api/trips/65568ba6-47e7-42a9-9e65-27f07ed92834/locks 200 in 1361ms (next.js: 16ms, application-code: 1345ms)
 GET / 200 in 89ms (next.js: 5ms, application-code: 84ms)
 POST /api/trips/65568ba6-47e7-42a9-9e65-27f07ed92834/locks 200 in 2.4s (next.js: 33ms, application-code: 2.4s)
 GET /checkout/65568ba6-47e7-42a9-9e65-27f07ed92834 200 in 59ms (next.js: 13ms, application-code: 46ms)
 POST /api/checkout/session 200 in 1363ms (next.js: 69ms, application-code: 1294ms)
 GET /api/trips 200 in 473ms (next.js: 4ms, application-code: 469ms)
 GET /auth/register 200 in 346ms (next.js: 17ms, proxy.ts: 95ms, application-code: 233ms)
 GET / 200 in 566ms (next.js: 7ms, application-code: 559ms)
Registering user: {
  email: 'qa.user.1774988032663@example.com',
  full_name: 'QA User',
  phone: '9000001111'
}
User created in Auth successfully: 5005cc49-2cbf-45e4-a2a4-c13816ec953c
Registration successful for: qa.user.1774988032663@example.com
 POST /api/auth/register 200 in 793ms (next.js: 5ms, application-code: 788ms)
 GET / 200 in 46ms (next.js: 5ms, application-code: 41ms)
 GET /api/offers 200 in 580ms (next.js: 3ms, application-code: 576ms)
 GET /api/cities 200 in 631ms (next.js: 4ms, application-code: 627ms)
 GET /api/popular-routes 200 in 666ms (next.js: 3ms, application-code: 662ms)
 GET /api/cities 200 in 269ms (next.js: 4ms, application-code: 265ms)
 GET /api/offers 200 in 267ms (next.js: 2ms, application-code: 264ms)
 GET /api/popular-routes 200 in 291ms (next.js: 5ms, application-code: 286ms)
 GET /search?from=Kolkata&to=Siliguri&date=2026-04-01&passengers=1 200 in 361ms (next.js: 21ms, application-code: 340ms)
 GET /api/trips?from=Kolkata&to=Siliguri&date=2026-04-01 200 in 332ms (next.js: 3ms, application-code: 329ms)
 GET /book/65568ba6-47e7-42a9-9e65-27f07ed92834?passengers=1 200 in 76ms (next.js: 27ms, application-code: 49ms)
 GET /api/trips/65568ba6-47e7-42a9-9e65-27f07ed92834 200 in 592ms (next.js: 11ms, application-code: 581ms)
 GET /checkout/65568ba6-47e7-42a9-9e65-27f07ed92834 200 in 91ms (next.js: 22ms, application-code: 69ms)
 GET /api/trips/65568ba6-47e7-42a9-9e65-27f07ed92834/seats 200 in 1324ms (next.js: 13ms, application-code: 1311ms)
 POST /api/trips/65568ba6-47e7-42a9-9e65-27f07ed92834/locks 200 in 1020ms (next.js: 13ms, application-code: 1007ms)
 GET /api/trips/65568ba6-47e7-42a9-9e65-27f07ed92834 200 in 543ms (next.js: 22ms, application-code: 521ms)
 GET /book/65568ba6-47e7-42a9-9e65-27f07ed92834 200 in 151ms (next.js: 13ms, application-code: 138ms)
 GET /book/65568ba6-47e7-42a9-9e65-27f07ed92834 200 in 174ms (next.js: 26ms, application-code: 149ms)
 GET / 200 in 53ms (next.js: 5ms, application-code: 49ms)
 GET /auth/register 200 in 657ms (next.js: 39ms, proxy.ts: 92ms, application-code: 525ms)
 GET / 200 in 477ms (next.js: 15ms, application-code: 462ms)
Registering user: {
  email: 'qa.user.1774988276765@example.com',
  full_name: 'QA User',
  phone: '9000001111'
}
User created in Auth successfully: 8f5131c5-7f21-4945-8181-edb481c68640
Registration successful for: qa.user.1774988276765@example.com
 POST /api/auth/register 200 in 1400ms (next.js: 9ms, application-code: 1391ms)
 GET /api/cities 200 in 721ms (next.js: 9ms, application-code: 711ms)
 GET /api/popular-routes 200 in 649ms (next.js: 7ms, application-code: 643ms)
 GET /api/offers 200 in 766ms (next.js: 6ms, application-code: 760ms)
 GET / 200 in 132ms (next.js: 11ms, application-code: 121ms)
 GET /api/cities 200 in 278ms (next.js: 5ms, application-code: 273ms)
 GET /api/popular-routes 200 in 295ms (next.js: 4ms, application-code: 291ms)
 GET /api/offers 200 in 284ms (next.js: 4ms, application-code: 280ms)
 GET /api/trips 200 in 1037ms (next.js: 5ms, application-code: 1032ms)
 GET /auth/register 200 in 169ms (next.js: 5ms, proxy.ts: 19ms, application-code: 145ms)
Registering user: {
  email: 'qa.user.1774988353967@example.com',
  full_name: 'QA User',
  phone: '9000001111'
}
User created in Auth successfully: ece40b63-00db-41ab-a8c8-ebebbe5fdbf4
Registration successful for: qa.user.1774988353967@example.com
 POST /api/auth/register 200 in 479ms (next.js: 8ms, application-code: 471ms)
 GET / 200 in 37ms (next.js: 5ms, application-code: 32ms)
 GET /api/cities 200 in 355ms (next.js: 6ms, application-code: 349ms)
 GET /api/popular-routes 200 in 378ms (next.js: 6ms, application-code: 372ms)
 GET /api/offers 200 in 383ms (next.js: 3ms, application-code: 379ms)
 GET / 200 in 265ms (next.js: 4ms, application-code: 261ms)
 GET /api/offers 200 in 39ms (next.js: 3ms, application-code: 36ms)
 GET /api/cities 200 in 93ms (next.js: 4ms, application-code: 89ms)
 GET /api/popular-routes 200 in 74ms (next.js: 3ms, application-code: 71ms)
 GET /search?from=Kolkata&to=Siliguri&date=2026-04-01&passengers=1 200 in 442ms (next.js: 10ms, application-code: 432ms)
 GET /api/trips?from=Kolkata&to=Siliguri&date=2026-04-01 200 in 322ms (next.js: 4ms, application-code: 318ms)
 GET /book/65568ba6-47e7-42a9-9e65-27f07ed92834?passengers=1 200 in 130ms (next.js: 67ms, application-code: 62ms)
 GET /api/trips/65568ba6-47e7-42a9-9e65-27f07ed92834/seats 200 in 816ms (next.js: 58ms, application-code: 757ms)
 GET /api/trips/65568ba6-47e7-42a9-9e65-27f07ed92834 200 in 1128ms (next.js: 55ms, application-code: 1072ms)
 GET /checkout/65568ba6-47e7-42a9-9e65-27f07ed92834 200 in 129ms (next.js: 24ms, application-code: 106ms)
 GET /api/trips/65568ba6-47e7-42a9-9e65-27f07ed92834 200 in 583ms (next.js: 28ms, application-code: 555ms)
 POST /api/trips/65568ba6-47e7-42a9-9e65-27f07ed92834/locks 200 in 1692ms (next.js: 11ms, application-code: 1681ms)
 GET /checkout/65568ba6-47e7-42a9-9e65-27f07ed92834 200 in 69ms (next.js: 20ms, application-code: 49ms)
 GET / 200 in 54ms (next.js: 4ms, application-code: 50ms)
 POST /api/trips/65568ba6-47e7-42a9-9e65-27f07ed92834/locks 200 in 1306ms (next.js: 12ms, application-code: 1294ms)
 POST /api/checkout/session 200 in 1384ms (next.js: 6ms, application-code: 1377ms)
○ Compiling /booking/success ...
 GET /booking/success?booking_id=6aa06609-8fc6-4b3a-8e2c-5d21ee113444 200 in 8.1s (next.js: 7.0s, application-code: 1103ms)
 GET / 200 in 448ms (next.js: 47ms, application-code: 401ms)
○ Compiling /dashboard/bookings ...
 GET /dashboard/bookings 200 in 6.8s (next.js: 5.3s, proxy.ts: 966ms, application-code: 534ms)
 GET /api/popular-routes 200 in 3.5s (next.js: 2.6s, application-code: 885ms)
 GET /api/offers 200 in 3.5s (next.js: 2.6s, application-code: 897ms)
 GET /api/cities 200 in 3.7s (next.js: 2.6s, application-code: 1063ms)
 GET / 200 in 361ms (next.js: 93ms, application-code: 268ms)
 GET /api/cities 200 in 236ms (next.js: 4ms, application-code: 232ms)
 GET /api/popular-routes 200 in 251ms (next.js: 6ms, application-code: 245ms)
 GET /api/offers 200 in 249ms (next.js: 3ms, application-code: 246ms)
○ Compiling /admin ...
 GET /admin 200 in 13.7s (next.js: 11.8s, proxy.ts: 770ms, application-code: 1125ms)
 GET / 200 in 850ms (next.js: 160ms, application-code: 690ms)
○ Compiling /admin/bookings ...
 GET /api/admin/analytics 200 in 12.8s (next.js: 11.8s, application-code: 974ms)
 GET /api/admin/summary 200 in 12.9s (next.js: 11.9s, application-code: 976ms)
 GET / 200 in 102ms (next.js: 52ms, application-code: 50ms)
 GET /admin/bookings 200 in 13.1s (next.js: 9.8s, proxy.ts: 2.3s, application-code: 978ms)
 GET /api/offers 200 in 5.0s (next.js: 3.6s, application-code: 1402ms)
 GET /api/cities 200 in 5.0s (next.js: 3.6s, application-code: 1417ms)
 GET /api/popular-routes 200 in 5.0s (next.js: 3.6s, application-code: 1435ms)
 GET / 200 in 368ms (next.js: 5ms, application-code: 363ms)
 GET /api/popular-routes 200 in 424ms (next.js: 6ms, application-code: 419ms)
 GET /api/cities 200 in 540ms (next.js: 8ms, application-code: 532ms)
 GET /api/offers 200 in 405ms (next.js: 4ms, application-code: 401ms)
Registering user: {
  email: 'qa.admin.1774988465658@example.com',
  full_name: 'QA Admin',
  phone: '9111111111'
}
User created in Auth successfully: e175c661-38aa-4082-9474-9dacf852d196
Registration successful for: qa.admin.1774988465658@example.com
 POST /api/auth/register 200 in 2.1s (next.js: 1435ms, application-code: 640ms)
 GET /auth/login 200 in 4.3s (next.js: 3.1s, proxy.ts: 32ms, application-code: 1081ms)
 GET / 200 in 445ms (next.js: 67ms, application-code: 377ms)
○ Compiling /api/auth/login ...
 POST /api/auth/login 200 in 5.5s (next.js: 3.4s, application-code: 2.1s)
 GET /auth/login 200 in 1063ms (next.js: 188ms, proxy.ts: 45ms, application-code: 830ms)
 GET /api/offers 200 in 2.2s (next.js: 51ms, application-code: 2.2s)
 GET /api/popular-routes 200 in 2.3s (next.js: 35ms, application-code: 2.3s)
 GET /api/cities 200 in 2.4s (next.js: 15ms, application-code: 2.4s)
Registering user: {
  email: 'qa.admin.1774988523445@example.com',
  full_name: 'QA Admin',
  phone: '9222222222'
}
User created in Auth successfully: 69e2b0dd-816c-49e5-9682-c1b25948216a
Registration successful for: qa.admin.1774988523445@example.com
 POST /api/auth/register 200 in 1256ms (next.js: 9ms, application-code: 1247ms)
 GET /auth/login 200 in 268ms (next.js: 10ms, proxy.ts: 25ms, application-code: 233ms)
 POST /api/auth/login 200 in 2.7s (next.js: 26ms, application-code: 2.6s)
 GET /admin 200 in 863ms (next.js: 96ms, proxy.ts: 704ms, application-code: 63ms)
 GET /api/admin/summary 200 in 2.0s (next.js: 13ms, application-code: 1991ms)
 GET /api/admin/analytics 200 in 2.5s (next.js: 11ms, application-code: 2.5s)
 GET /admin 200 in 4.8s (next.js: 11ms, proxy.ts: 520ms, application-code: 4.3s)
 GET / 200 in 5.9s (next.js: 134ms, application-code: 5.8s)
Registering user: {
  email: 'qa.admin.1774988581749@example.com',
  full_name: 'QA Admin',
  phone: '9333333333'
}
User created in Auth successfully: 869020d2-38b5-4a99-a1b7-03f075eda6ad
Registration successful for: qa.admin.1774988581749@example.com
 POST /api/auth/register 200 in 787ms (next.js: 18ms, application-code: 769ms)
 GET /auth/login 200 in 463ms (next.js: 13ms, proxy.ts: 51ms, application-code: 400ms)
 GET / 200 in 564ms (next.js: 11ms, application-code: 553ms)
 POST /api/auth/login 200 in 1178ms (next.js: 4ms, application-code: 1175ms)
 GET /admin 200 in 626ms (next.js: 11ms, proxy.ts: 543ms, application-code: 72ms)
 GET /api/admin/summary 200 in 909ms (next.js: 7ms, application-code: 902ms)
 GET /api/admin/analytics 200 in 1884ms (next.js: 10ms, application-code: 1874ms)
 GET /api/cities 200 in 681ms (next.js: 6ms, application-code: 675ms)
 GET /api/offers 200 in 665ms (next.js: 20ms, application-code: 645ms)
 GET /api/popular-routes 200 in 1362ms (next.js: 7ms, application-code: 1355ms)
 GET / 200 in 69ms (next.js: 5ms, application-code: 64ms)
 GET /admin 200 in 798ms (next.js: 12ms, proxy.ts: 734ms, application-code: 52ms)
 GET /admin/bookings 200 in 1104ms (next.js: 46ms, proxy.ts: 651ms, application-code: 407ms)
 GET / 200 in 376ms (next.js: 8ms, application-code: 368ms)
○ Compiling /admin/trips ...
 GET /admin/trips 200 in 18.7s (next.js: 16.5s, proxy.ts: 1053ms, application-code: 1080ms)
 GET /api/offers 200 in 9.4s (next.js: 7.9s, application-code: 1461ms)
 GET /api/cities 200 in 9.4s (next.js: 8.0s, application-code: 1495ms)
 GET /api/popular-routes 200 in 9.5s (next.js: 7.9s, application-code: 1515ms)
○ Compiling /api/admin/trips ...
 GET / 200 in 3.8s (next.js: 63ms, application-code: 3.7s)
 GET /api/admin/trips 200 in 9.5s (next.js: 8.1s, application-code: 1462ms)
○ Compiling /admin/staff ...
 GET /admin/staff 200 in 16.8s (next.js: 7.1s, proxy.ts: 8.8s, application-code: 876ms)
 GET /api/cities 200 in 6.4s (next.js: 5.1s, application-code: 1282ms)
 GET /api/popular-routes 200 in 6.4s (next.js: 5.1s, application-code: 1290ms)
 GET /api/offers 200 in 6.4s (next.js: 5.1s, application-code: 1305ms)
 GET / 200 in 533ms (next.js: 188ms, application-code: 346ms)
 GET /api/popular-routes 200 in 359ms (next.js: 3ms, application-code: 356ms)
 GET /api/cities 200 in 550ms (next.js: 4ms, application-code: 546ms)
 GET /api/offers 200 in 567ms (next.js: 2ms, application-code: 565ms)
 GET / 200 in 76ms (next.js: 10ms, application-code: 66ms)
 GET / 200 in 106ms (next.js: 17ms, application-code: 88ms)
 GET / 200 in 42ms (next.js: 5ms, application-code: 38ms)
 GET / 200 in 877ms (next.js: 770ms, application-code: 107ms)
 GET / 200 in 107ms (next.js: 15ms, application-code: 92ms)
 GET / 200 in 3.6s (next.js: 163ms, application-code: 3.4s)
 GET / 200 in 279ms (next.js: 5ms, application-code: 274ms)
○ Compiling /api/offers ...
 GET / 200 in 5.6s (next.js: 4.7s, application-code: 895ms)
 GET /api/cities 200 in 14.7s (next.js: 13.7s, application-code: 906ms)
 GET /api/offers 200 in 13.9s (next.js: 13.0s, application-code: 909ms)
 GET /api/popular-routes 200 in 13.9s (next.js: 13.0s, application-code: 910ms)
 GET /api/popular-routes 200 in 440ms (next.js: 2ms, application-code: 438ms)
 GET /api/cities 200 in 462ms (next.js: 4ms, application-code: 458ms)
 GET /api/offers 200 in 725ms (next.js: 3ms, application-code: 722ms)
○ Compiling /auth/register ...
 GET /auth/register 200 in 5.1s (next.js: 4.8s, proxy.ts: 18ms, application-code: 256ms)
 GET /auth/login 200 in 145ms (next.js: 48ms, proxy.ts: 30ms, application-code: 67ms)
○ Compiling /api/auth/login ...
 POST /api/auth/login 200 in 7.9s (next.js: 5.4s, application-code: 2.5s)
 GET / 200 in 722ms (next.js: 259ms, application-code: 463ms)
 GET / 200 in 35ms (next.js: 3ms, application-code: 32ms)
 GET /api/cities 200 in 289ms (next.js: 14ms, application-code: 274ms)
 GET /api/popular-routes 200 in 459ms (next.js: 7ms, application-code: 452ms)
 GET /api/offers 200 in 651ms (next.js: 10ms, application-code: 641ms)
 GET /about 200 in 1743ms (next.js: 1708ms, application-code: 35ms)
 GET /dashboard/bookings 200 in 3.4s (next.js: 2.2s, proxy.ts: 1121ms, application-code: 67ms)
 GET / 200 in 88ms (next.js: 58ms, application-code: 30ms)
 GET /api/offers 200 in 486ms (next.js: 92ms, application-code: 394ms)
 GET /api/cities 200 in 504ms (next.js: 9ms, application-code: 495ms)
 GET /api/popular-routes 200 in 577ms (next.js: 6ms, application-code: 572ms)
 GET /search?from=Kolkata&to=Siliguri&date=2026-04-01 200 in 1893ms (next.js: 1828ms, application-code: 66ms)
 GET /api/trips?from=Kolkata&to=Siliguri&date=2026-04-01 200 in 1722ms (next.js: 1123ms, application-code: 599ms)
○ Compiling /book/[id] ...
 GET /book/65568ba6-47e7-42a9-9e65-27f07ed92834?passengers=1 200 in 3.5s (next.js: 3.4s, application-code: 82ms)
 GET /api/trips/65568ba6-47e7-42a9-9e65-27f07ed92834/seats 200 in 3.6s (next.js: 3.0s, application-code: 568ms)
 GET /api/trips/65568ba6-47e7-42a9-9e65-27f07ed92834 200 in 4.0s (next.js: 3.1s, application-code: 892ms)
 GET /checkout/65568ba6-47e7-42a9-9e65-27f07ed92834 200 in 1696ms (next.js: 1617ms, application-code: 79ms)
 GET /api/trips/65568ba6-47e7-42a9-9e65-27f07ed92834 200 in 663ms (next.js: 70ms, application-code: 593ms)
 POST /api/trips/65568ba6-47e7-42a9-9e65-27f07ed92834/locks 200 in 4.4s (next.js: 1717ms, application-code: 2.7s)
 GET /checkout/65568ba6-47e7-42a9-9e65-27f07ed92834 200 in 77ms (next.js: 13ms, application-code: 64ms)
 POST /api/trips/65568ba6-47e7-42a9-9e65-27f07ed92834/locks 200 in 2.7s (next.js: 68ms, application-code: 2.7s)
 POST /api/checkout/session 200 in 4.3s (next.js: 2.5s, application-code: 1827ms)
 GET /checkout/65568ba6-47e7-42a9-9e65-27f07ed92834 200 in 2.2s (next.js: 555ms, application-code: 1629ms)
 GET /api/trips/65568ba6-47e7-42a9-9e65-27f07ed92834 200 in 2.1s (next.js: 27ms, application-code: 2.1s)
 GET /book/65568ba6-47e7-42a9-9e65-27f07ed92834 200 in 116ms (next.js: 34ms, application-code: 83ms)
 GET / 200 in 139ms (next.js: 68ms, application-code: 70ms)
 GET / 200 in 897ms (next.js: 219ms, application-code: 678ms)
○ Compiling /api/offers ...
 GET /api/offers 200 in 11.4s (next.js: 10.9s, application-code: 551ms)
 GET /api/popular-routes 200 in 11.7s (next.js: 10.9s, application-code: 755ms)
 GET /api/cities 200 in 12.3s (next.js: 11.5s, application-code: 795ms)
 GET /about 200 in 139ms (next.js: 90ms, application-code: 49ms)
 GET / 200 in 106ms (next.js: 70ms, application-code: 36ms)
 GET /api/popular-routes 200 in 426ms (next.js: 3ms, application-code: 423ms)
 GET /api/cities 200 in 676ms (next.js: 4ms, application-code: 672ms)
 GET /api/offers 200 in 1209ms (next.js: 4ms, application-code: 1205ms)
 GET /contact 200 in 2.6s (next.js: 2.6s, application-code: 55ms)
 GET / 200 in 45ms (next.js: 25ms, application-code: 20ms)
 GET /api/popular-routes 200 in 519ms (next.js: 7ms, application-code: 513ms)
 GET /api/cities 200 in 681ms (next.js: 88ms, application-code: 593ms)
 GET /api/offers 200 in 641ms (next.js: 7ms, application-code: 634ms)
 GET / 200 in 633ms (next.js: 3ms, application-code: 629ms)
 GET /api/cities 200 in 360ms (next.js: 19ms, application-code: 341ms)
 GET /api/offers 200 in 482ms (next.js: 20ms, application-code: 462ms)
 GET /api/popular-routes 200 in 577ms (next.js: 15ms, application-code: 562ms)
 GET / 200 in 376ms (next.js: 7ms, application-code: 370ms)
 GET /api/cities 200 in 271ms (next.js: 2ms, application-code: 269ms)
 GET /api/offers 200 in 403ms (next.js: 2ms, application-code: 400ms)
 GET /api/popular-routes 200 in 437ms (next.js: 3ms, application-code: 434ms)
 GET / 200 in 215ms (next.js: 7ms, application-code: 208ms)
 GET /api/cities 200 in 265ms (next.js: 4ms, application-code: 261ms)
 GET /api/popular-routes 200 in 595ms (next.js: 4ms, application-code: 591ms)
 GET /api/offers 200 in 616ms (next.js: 4ms, application-code: 612ms)
○ Compiling /dashboard ...
