[browser] You may test your Stripe.js integration over HTTP. However, live Stripe.js integrations must use HTTPS. (https://js.stripe.com/basil/stripe.js:1:792508)
[browser] You may test your Stripe.js integration over HTTP. However, live Stripe.js integrations must use HTTPS. (https://js.stripe.com/basil/stripe.js:1:792508)
[browser] You may test your Stripe.js integration over HTTP. However, live Stripe.js integrations must use HTTPS. (https://js.stripe.com/basil/stripe.js:1:792508)
[browser] You may test your Stripe.js integration over HTTP. However, live Stripe.js integrations must use HTTPS. (https://js.stripe.com/basil/stripe.js:1:792508)
[browser] You may test your Stripe.js integration over HTTP. However, live Stripe.js integrations must use HTTPS. (https://js.stripe.com/basil/stripe.js:1:792508)
[browser] The width(-1) and height(-1) of chart should be greater than 0,
       please check the style of container, or the props width(100%) and height(100%),
       or add a minWidth(0) or minHeight(undefined) or use aspect(undefined) to control the
       height and width.
[browser] The width(-1) and height(-1) of chart should be greater than 0,
       please check the style of container, or the props width(100%) and height(100%),
       or add a minWidth(0) or minHeight(undefined) or use aspect(undefined) to control the
       height and width.
[browser] The width(-1) and height(-1) of chart should be greater than 0,
       please check the style of container, or the props width(100%) and height(100%),
       or add a minWidth(0) or minHeight(undefined) or use aspect(undefined) to control the
       height and width.
[browser] The width(-1) and height(-1) of chart should be greater than 0,
       please check the style of container, or the props width(100%) and height(100%),
       or add a minWidth(0) or minHeight(undefined) or use aspect(undefined) to control the
       height and width.
[browser] The width(-1) and height(-1) of chart should be greater than 0,
       please check the style of container, or the props width(100%) and height(100%),
       or add a minWidth(0) or minHeight(undefined) or use aspect(undefined) to control the
       height and width.
[browser] The width(-1) and height(-1) of chart should be greater than 0,
       please check the style of container, or the props width(100%) and height(100%),
       or add a minWidth(0) or minHeight(undefined) or use aspect(undefined) to control the
       height and width.
Profile missing for user, creating default be9e51e6-28a4-4d4d-ab79-22febbfd4e10
[browser] You may test your Stripe.js integration over HTTP. However, live Stripe.js integrations must use HTTPS. (https://js.stripe.com/basil/stripe.js:1:792508)
[browser] You may test your Stripe.js integration over HTTP. However, live Stripe.js integrations must use HTTPS. (https://js.stripe.com/basil/stripe.js:1:792508)
^C^C